\[
  \{
    "src": "linkerd\-controller",
    "src_namespace": "{{.Ns}}",
    "dst": "linkerd\-prometheus",
    "dst_namespace": "l5d\-integration",
    "client_id": "linkerd\-controller.{{.Ns}}",
    "server_id": "linkerd\-prometheus.{{.Ns}}",
    "no_tls_reason": ""
  \}
\]